=== [Gymnasium] Run 1/3 === 2026-08-17T21:55:01.3436660Z
  teacher_availability         duration=  73.5s valid_json=true n_items=2
  weekly_hours                 duration= 279.9s valid_json=true n_items=36
  room_requirement             duration=  68.8s valid_json=true n_items=4
  no_overlap                   duration= 172.8s valid_json=true n_items=24
  shared_resource_conflict     duration= 167.3s valid_json=true n_items=15
  forbidden_slot               duration=  89.5s valid_json=true n_items=4
  consecutive_required         duration=  48.6s valid_json=true n_items=4
  teacher_subject_assignment   duration= 310.5s valid_json=true n_items=36
  period_exception             duration=  37.3s valid_json=true n_items=1
  Scores:
    teacher_subject_assignment   100 %
    weekly_hours                 100 %
    no_overlap                   100 %
    room_requirement             100 %
    consecutive_required         100 %
    teacher_availability         100 %
    forbidden_slot               100 %
    overall                      100 %
  Solve status: Optimal   Verifier violations: 0   Extraction: 1248.4s   Total: 1248.8s

=== [Gymnasium] Run 2/3 === 2026-08-17T22:15:50.3612543Z
  teacher_availability         duration=  25.2s valid_json=true n_items=2
  weekly_hours                 duration= 254.9s valid_json=true n_items=36
  room_requirement             duration=  29.7s valid_json=true n_items=4
  no_overlap                   duration= 138.3s valid_json=true n_items=24
  shared_resource_conflict     duration= 141.4s valid_json=true n_items=15
  forbidden_slot               duration=  55.8s valid_json=true n_items=4
  consecutive_required         duration=  44.7s valid_json=true n_items=4
  teacher_subject_assignment   duration= 282.3s valid_json=true n_items=36
  period_exception             duration=   6.1s valid_json=true n_items=1
  Scores:
    teacher_subject_assignment   100 %
    weekly_hours                 100 %
    no_overlap                   100 %
    room_requirement             100 %
    consecutive_required         100 %
    teacher_availability         100 %
    forbidden_slot               100 %
    overall                      100 %
  Solve status: Optimal   Verifier violations: 0   Extraction: 978.3s   Total: 978.6s

=== [Gymnasium] Run 3/3 === 2026-08-17T22:32:08.9716057Z
  teacher_availability         duration=  19.2s valid_json=true n_items=2
  weekly_hours                 duration= 248.8s valid_json=true n_items=36
  room_requirement             duration=  29.7s valid_json=true n_items=4
  no_overlap                   duration= 101.3s valid_json=true n_items=24
  shared_resource_conflict     duration= 138.1s valid_json=true n_items=15
  forbidden_slot               duration=  56.4s valid_json=true n_items=4
  consecutive_required         duration=  47.1s valid_json=true n_items=4
  teacher_subject_assignment   duration= 284.7s valid_json=true n_items=36
  period_exception             duration=   5.3s valid_json=true n_items=1
  Scores:
    teacher_subject_assignment   100 %
    weekly_hours                 100 %
    no_overlap                   100 %
    room_requirement             100 %
    consecutive_required         100 %
    teacher_availability         100 %
    forbidden_slot               100 %
    overall                      100 %
  Solve status: Optimal   Verifier violations: 0   Extraction: 930.5s   Total: 930.7s

=== [Grundschule] Run 1/3 === 2026-08-17T22:47:39.7047773Z
  teacher_availability         duration=  25.8s valid_json=true n_items=1
  weekly_hours                 duration=  70.9s valid_json=true n_items=8
  room_requirement             duration=   9.1s valid_json=true n_items=1
  no_overlap                   duration=  52.5s valid_json=true n_items=7
  shared_resource_conflict     duration=  50.2s valid_json=true n_items=4
  forbidden_slot               duration=  38.5s valid_json=true n_items=2
  consecutive_required         duration=  40.5s valid_json=true n_items=2
  teacher_subject_assignment   duration=  61.4s valid_json=true n_items=8
  period_exception             duration=  22.3s valid_json=true n_items=1
  Scores:
    teacher_subject_assignment   100 %
    weekly_hours                 100 %
    no_overlap                   100 %
    room_requirement             100 %
    consecutive_required         100 %
    teacher_availability         100 %
    forbidden_slot               100 %
    overall                      100 %
  Solve status: Optimal   Verifier violations: 0   Extraction: 371.2s   Total: 371.3s

